[demo.casethemes.net/timan/index.html]
[backblue.gif]
[fade.gif]
[index.html]
[demo.casethemes.net/timan/feed/index.html]
[demo.casethemes.net/timan/wp-includes/css/dist/block-library/style.min1eb7.css]
[demo.casethemes.net/timan/wp-content/plugins/woocommerce/packages/woocommerce-blocks/build/wc-blocks-vendors-style.mine1b2.css]
[demo.casethemes.net/timan/comments/feed/index.html]
[demo.casethemes.net/timan/wp-content/plugins/woocommerce/packages/woocommerce-blocks/build/wc-blocks-style.mine1b2.css]
[demo.casethemes.net/timan/wp-content/plugins/booked/assets/css/booked-icons.min25b6.css]
[demo.casethemes.net/timan/wp-content/plugins/booked/assets/js/tooltipster/css/booked-tooltipster.min9b70.css]
[demo.casethemes.net/timan/wp-content/plugins/booked/assets/js/tooltipster/css/themes/booked-tooltipster-theme.min9b70.css]
[demo.casethemes.net/timan/wp-content/plugins/booked/assets/css/booked-animations.min25b6.css]
[demo.casethemes.net/timan/wp-content/plugins/booked/dist/booked-css.min25b6.css]
[demo.casethemes.net/timan/wp-content/plugins/contact-form-7/includes/css/contact-form-7.min5406.css]
[demo.casethemes.net/timan/wp-content/plugins/ctcore/assets/css/cms-plugin-stylesheet.min1eb7.css]
[demo.casethemes.net/timan/wp-content/plugins/ctcore/assets/css/owl.carousel.min1eb7.css]
[demo.casethemes.net/timan/wp-content/plugins/revslider/public/assets/css/rs-plugin-settings.mine434.css]
[demo.casethemes.net/timan/wp-content/plugins/woocommerce/assets/css/woocommerce-layout.min9b30.css]
[demo.casethemes.net/timan/wp-content/plugins/woocommerce/assets/css/woocommerce-smallscreen.min9b30.css]
[demo.casethemes.net/timan/wp-content/plugins/woocommerce/assets/css/woocommerce-general.min9b30.css]
[demo.casethemes.net/timan/wp-content/plugins/wp-user-avatar/assets/css/frontend.minc092.css]
[demo.casethemes.net/timan/wp-content/plugins/wp-user-avatar/assets/flatpickr/flatpickr.minc092.css]
[demo.casethemes.net/timan/wp-content/plugins/wp-user-avatar/assets/select2/select2.min1eb7.css]
[demo.casethemes.net/timan/wp-content/themes/timan/assets/css/bootstrap.mincce7.css]
[demo.casethemes.net/timan/wp-content/themes/timan/assets/css/font-awesome.min1849.css]
[demo.casethemes.net/timan/wp-content/plugins/js_composer/assets/lib/bower/font-awesome/css/v4-shims.min8e94.css]
[demo.casethemes.net/timan/wp-content/plugins/js_composer/assets/lib/bower/font-awesome/css/all.min8e94.css]
[demo.casethemes.net/timan/wp-content/themes/timan/assets/css/material-design-iconic-font.min3601.css]
[demo.casethemes.net/timan/wp-content/themes/timan/assets/css/flaticon.min8a54.css]
[demo.casethemes.net/timan/wp-content/themes/timan/assets/css/themify-icons.min8a54.css]
[demo.casethemes.net/timan/wp-content/themes/timan/assets/css/font-etline-icon.min8a54.css]
[demo.casethemes.net/timan/wp-content/themes/timan/assets/css/magnific-popup.min8a54.css]
[demo.casethemes.net/timan/wp-content/themes/timan/assets/css/timan-theme.mind279.css]
[demo.casethemes.net/timan/wp-content/themes/timan/assets/css/timan-menu.mind279.css]
[demo.casethemes.net/timan/wp-content/plugins/newsletter/newsletter.min9c05.css]
[demo.casethemes.net/timan/wp-content/plugins/booked/includes/add-ons/woocommerce-payments/css/booked-wc-fe-styles.min1eb7.css]
[demo.casethemes.net/timan/wp-includes/js/jquery/jquery.minaf6c.js]
[demo.casethemes.net/timan/wp-content/plugins/js_composer/assets/css/js_composer.min8e94.css]
[demo.casethemes.net/timan/wp-includes/js/jquery/jquery-migrate.mind617.js]
[demo.casethemes.net/timan/wp-content/plugins/revslider/public/assets/js/rbtools.minb7f2.js]
[demo.casethemes.net/timan/wp-content/plugins/woocommerce/assets/js/jquery-blockui/jquery.blockUI.minfada.js]
[demo.casethemes.net/timan/wp-content/plugins/woocommerce/assets/js/frontend/add-to-cart.min9b30.js]
[demo.casethemes.net/timan/wp-content/plugins/revslider/public/assets/js/rs6.mine434.js]
[demo.casethemes.net/timan/wp-content/plugins/wp-user-avatar/assets/flatpickr/flatpickr.min1eb7.js]
[demo.casethemes.net/timan/wp-content/plugins/wp-user-avatar/assets/select2/select2.min1eb7.js]
[demo.casethemes.net/timan/wp-content/uploads/siteground-optimizer-assets/vc_woocommerce-add-to-cart-js.min8e94.js]
[demo.casethemes.net/timan/wp-content/uploads/siteground-optimizer-assets/booked-wc-fe-functions.min1eb7.js]
[demo.casethemes.net/timan/wp-json/wp/v2/pages/23.json]
[demo.casethemes.net/timan/wp-json/index.html]
[demo.casethemes.net/timan/wp-json/oembed/1.0/embed8e18.json]
[demo.casethemes.net/timan/wp-json/oembed/1.0/embed9c17]
[demo.casethemes.net/timan/wp-content/themes/timan/assets/images/favicon.png]
[demo.casethemes.net/timan/wp-content/uploads/2018/12/cta-imagee106.jpg]
[demo.casethemes.net/timan/wp-content/themes/timan/assets/images/logo.png]
[demo.casethemes.net/timan/wp-content/themes/timan/assets/images/logo-light.png]
[demo.casethemes.net/timan/home-2/index.html]
[demo.casethemes.net/timan/home-3/index.html]
[demo.casethemes.net/timan/wp-content/uploads/2018/12/bg-slider1.jpg]
[demo.casethemes.net/timan/home-1-one-page/index.html]
[demo.casethemes.net/timan/home-3-one-page/index.html]
[demo.casethemes.net/timan/home-2-one-page/index.html]
[demo.casethemes.net/timan/about-us/index.html]
[demo.casethemes.net/timan/about-us-2/index.html]
[demo.casethemes.net/timan/doctors/index.html]
[demo.casethemes.net/timan/doctor/tromani-helix/index.html]
[demo.casethemes.net/timan/appointment/index.html]
[demo.casethemes.net/timan/contact-us/index.html]
[demo.casethemes.net/timan/faq-1/index.html]
[demo.casethemes.net/timan/faq-2/index.html]
[demo.casethemes.net/timan/wp-content/uploads/2018/12/slider-arrow-bottom.png]
[demo.casethemes.net/timan/services/index.html]
[demo.casethemes.net/timan/services-2/index.html]
[demo.casethemes.net/timan/service/cosmetic-dentistry/index.html]
[demo.casethemes.net/timan/wp-content/uploads/2018/12/about1.jpg]
[demo.casethemes.net/timan/our-gallery/index.html]
[demo.casethemes.net/timan/blog-grid-sidebar-left/index.html]
[demo.casethemes.net/timan/wp-content/uploads/2018/12/gallery1-482x600.jpg]
[demo.casethemes.net/timan/blog-grid-full-width/index.html]
[demo.casethemes.net/timan/blog-grid-sidebar-right/index.html]
[demo.casethemes.net/timan/blog-full-width/index.html]
[demo.casethemes.net/timan/wp-content/uploads/2018/12/gallery1.jpg]
[demo.casethemes.net/timan/blog-sidebar-right/index.html]
[demo.casethemes.net/timan/blog-sidebar-left/index.html]
[demo.casethemes.net/timan/high-energy-breakfast-leads-to-better-diabetes/index.html]
[demo.casethemes.net/timan/hormone-therapy-the-menopause-transition/index.html]
[demo.casethemes.net/timan/wp-content/uploads/2018/12/gallery2-686x500.jpg]
[demo.casethemes.net/timan/shop/indexb901.html]
[demo.casethemes.net/timan/should-you-still-be-worried-about-the-virus/index.html]
[demo.casethemes.net/timan/wp-content/uploads/2018/12/gallery2.jpg]
[demo.casethemes.net/timan/shop/indexa36f.html]
[demo.casethemes.net/timan/shop/indexf81a.html]
[demo.casethemes.net/timan/wp-content/uploads/2018/12/gallery3-686x500.jpg]
[demo.casethemes.net/timan/product/natural-factors/index.html]
[demo.casethemes.net/timan/cart/index.html]
[demo.casethemes.net/timan/wp-content/uploads/2018/12/gallery3.jpg]
[demo.casethemes.net/timan/my-account/index.html]
[demo.casethemes.net/timan/wp-content/uploads/2018/12/gallery5-389x600.jpg]
[demo.casethemes.net/timan/wp-content/uploads/2018/12/gallery5.jpg]
[demo.casethemes.net/timan/wp-content/uploads/2018/12/gallery4-686x500.jpg]
[demo.casethemes.net/timan/wp-content/uploads/2018/12/gallery4.jpg]
[demo.casethemes.net/timan/wp-content/uploads/2018/12/gallery7-583x600.jpg]
[demo.casethemes.net/timan/wp-content/uploads/2018/12/gallery7.jpg]
[demo.casethemes.net/timan/wp-content/uploads/2018/12/gallery6-686x500.jpg]
[demo.casethemes.net/timan/wp-content/uploads/2018/12/gallery6.jpg]
[demo.casethemes.net/timan/wp-content/uploads/2018/12/service-icon6.jpg]
[demo.casethemes.net/timan/wp-content/uploads/2018/12/service-icon5.jpg]
[demo.casethemes.net/timan/service/cavity-protection/index.html]
[demo.casethemes.net/timan/service/implant-dentistry/index.html]
[demo.casethemes.net/timan/wp-content/uploads/2018/12/service-icon4.jpg]
[demo.casethemes.net/timan/wp-content/uploads/2018/12/service-icon3.jpg]
[demo.casethemes.net/timan/wp-content/uploads/2018/12/service-icon2.jpg]
[demo.casethemes.net/timan/wp-content/uploads/2018/12/service-icon1.jpg]
[demo.casethemes.net/timan/service/teeth-whitening/index.html]
[demo.casethemes.net/timan/wp-content/uploads/2018/12/blog8-600x424.jpg]
[demo.casethemes.net/timan/service/teeth-orthodontics/index.html]
[demo.casethemes.net/timan/service/teeth-cleaning/index.html]
[demo.casethemes.net/timan/wp-content/uploads/2018/12/blog7-600x424.jpg]
[demo.casethemes.net/timan/antibiotics-may-impact-cancer-treatment/index.html]
[demo.casethemes.net/timan/advice-for-your-first-meeting-with-a-new-doctor/index.html]
[demo.casethemes.net/timan/wp-content/uploads/2018/12/blog6-600x424.jpg]
[demo.casethemes.net/timan/gene-therapy-could-turn-off-severe-allergies/index.html]
[demo.casethemes.net/timan/wp-content/uploads/2018/12/blog5-600x424.jpg]
[demo.casethemes.net/timan/wp-content/uploads/2018/12/blog4-600x424.jpg]
[demo.casethemes.net/timan/wp-content/uploads/2018/12/blog3-600x424.jpg]
[demo.casethemes.net/timan/wp-content/uploads/2018/12/testimonial1.png]
[demo.casethemes.net/timan/wp-content/uploads/2018/12/testimonial2.png]
[demo.casethemes.net/timan/wp-content/uploads/2018/12/gallery1-150x130.jpg]
[demo.casethemes.net/timan/wp-content/uploads/2018/12/gallery2-150x130.jpg]
[demo.casethemes.net/timan/wp-content/uploads/2018/12/gallery3-150x130.jpg]
[demo.casethemes.net/timan/wp-content/uploads/2018/12/gallery5-150x130.jpg]
[demo.casethemes.net/timan/wp-content/uploads/2018/12/gallery4-150x130.jpg]
[demo.casethemes.net/timan/wp-content/uploads/2018/12/gallery7-150x130.jpg]
[demo.casethemes.net/timan/wp-content/plugins/js_composer/assets/lib/bower/animate-css/animate.min8e94.css]
[demo.casethemes.net/timan/wp-content/themes/timan/assets/css/datetimepicker.min8a54.css]
[demo.casethemes.net/timan/wp-content/themes/timan/assets/css/inline-style1eb7.css]
[demo.casethemes.net/timan/wp-includes/js/jquery/ui/core.min0028.js]
[demo.casethemes.net/timan/wp-includes/js/jquery/ui/datepicker.min0028.js]
[demo.casethemes.net/timan/wp-content/plugins/booked/assets/js/spin.min7406.js]
[demo.casethemes.net/timan/wp-content/uploads/siteground-optimizer-assets/booked-spin-jquery.min7406.js]
[demo.casethemes.net/timan/wp-content/plugins/booked/assets/js/tooltipster/js/jquery.tooltipster.min9b70.js]
[demo.casethemes.net/timan/wp-content/uploads/siteground-optimizer-assets/booked-functions.min25b6.js]
[demo.casethemes.net/timan/wp-includes/js/dist/vendor/regenerator-runtime.min3937.js]
[demo.casethemes.net/timan/wp-includes/js/dist/vendor/wp-polyfill.min2c7c.js]
[demo.casethemes.net/timan/wp-content/uploads/siteground-optimizer-assets/contact-form-7.min5406.js]
[demo.casethemes.net/timan/wp-content/uploads/siteground-optimizer-assets/ct-front-js.mindc98.js]
[demo.casethemes.net/timan/wp-content/plugins/woocommerce/assets/js/js-cookie/js.cookie.min07f2.js]
[demo.casethemes.net/timan/wp-content/plugins/woocommerce/assets/js/frontend/woocommerce.min9b30.js]
[demo.casethemes.net/timan/wp-content/plugins/woocommerce/assets/js/frontend/cart-fragments.min9b30.js]
[demo.casethemes.net/timan/wp-content/plugins/wp-user-avatar/assets/js/frontend.minc092.js]
[demo.casethemes.net/timan/wp-content/uploads/siteground-optimizer-assets/booked-fea-js.min25b6.js]
[demo.casethemes.net/timan/wp-content/themes/timan/assets/js/bootstrap.mincce7.js]
[demo.casethemes.net/timan/wp-content/themes/timan/assets/js/nice-select.mindc98.js]
[demo.casethemes.net/timan/wp-content/uploads/siteground-optimizer-assets/enscroll.mindc98.js]
[demo.casethemes.net/timan/wp-content/uploads/siteground-optimizer-assets/match-height.min8a54.js]
[demo.casethemes.net/timan/wp-content/uploads/siteground-optimizer-assets/timan-sidebar-fixed.min8a54.js]
[demo.casethemes.net/timan/wp-content/themes/timan/assets/js/magnific-popup.min8a54.js]
[demo.casethemes.net/timan/wp-content/uploads/siteground-optimizer-assets/timan-main.mind279.js]
[demo.casethemes.net/timan/wp-content/plugins/js_composer/assets/js/dist/js_composer_front.min8e94.js]
[demo.casethemes.net/timan/wp-content/plugins/js_composer/assets/lib/vc_waypoints/vc-waypoints.min8e94.js]
[demo.casethemes.net/timan/wp-content/themes/timan/assets/js/datetimepicker.minc0b8.js]
[demo.casethemes.net/timan/wp-content/themes/timan/assets/js/ct-datetime8a54.js]
[demo.casethemes.net/timan/wp-content/plugins/js_composer/assets/lib/bower/isotope/dist/isotope.pkgd.min8e94.js]
[demo.casethemes.net/timan/wp-includes/js/imagesloaded.mineda1.js]
[demo.casethemes.net/timan/wp-content/themes/timan/assets/js/isotope.ct8a54.js]
[demo.casethemes.net/timan/wp-content/plugins/ctcore/assets/js/waypoints.min1eb7.js]
[demo.casethemes.net/timan/wp-content/plugins/ctcore/assets/js/owl.carousel.min1eb7.js]
[demo.casethemes.net/timan/wp-content/themes/timan/assets/js/ct-carouseld279.js]
[demo.casethemes.net/timan/wp-content/themes/timan/assets/js/counter.mind279.js]
[demo.casethemes.net/timan/index.html]
[demo.casethemes.net/timan/wp-includes/css/dist/block-library/style.min1eb7.css]
[demo.casethemes.net/timan/wp-content/plugins/woocommerce/packages/woocommerce-blocks/build/wc-blocks-vendors-style.mine1b2.css]
[demo.casethemes.net/timan/wp-content/plugins/woocommerce/packages/woocommerce-blocks/build/wc-blocks-style.mine1b2.css]
[demo.casethemes.net/timan/wp-content/plugins/booked/assets/css/booked-icons.min25b6.css]
[demo.casethemes.net/timan/wp-content/plugins/booked/assets/js/tooltipster/css/booked-tooltipster.min9b70.css]
[demo.casethemes.net/timan/wp-content/plugins/booked/assets/js/tooltipster/css/themes/booked-tooltipster-theme.min9b70.css]
[demo.casethemes.net/timan/wp-content/plugins/booked/assets/css/booked-animations.min25b6.css]
[demo.casethemes.net/timan/wp-content/plugins/booked/dist/booked-css.min25b6.css]
[demo.casethemes.net/timan/wp-content/plugins/contact-form-7/includes/css/contact-form-7.min5406.css]
[demo.casethemes.net/timan/wp-content/plugins/ctcore/assets/css/cms-plugin-stylesheet.min1eb7.css]
[demo.casethemes.net/timan/wp-content/themes/timan/assets/js/ct-counterd279.js]
[demo.casethemes.net/timan/wp-content/plugins/ctcore/assets/css/owl.video.play.png]
[demo.casethemes.net/timan/wp-content/plugins/ctcore/assets/css/owl.carousel.min1eb7.css]
[demo.casethemes.net/timan/wp-content/plugins/revslider/public/assets/fonts/revicons/revicons90c6.eot]
[demo.casethemes.net/timan/wp-content/plugins/revslider/public/assets/fonts/revicons/revicons90c6.woff]
[demo.casethemes.net/timan/wp-content/plugins/revslider/public/assets/fonts/revicons/revicons90c6.ttf]
[demo.casethemes.net/timan/wp-content/plugins/revslider/public/assets/fonts/revicons/revicons90c6.svg]
[demo.casethemes.net/timan/wp-content/plugins/revslider/public/assets/assets/gridtile.png]
[demo.casethemes.net/timan/wp-content/plugins/revslider/public/assets/assets/gridtile_white.png]
[demo.casethemes.net/timan/wp-content/plugins/revslider/public/assets/assets/gridtile_3x3.png]
[demo.casethemes.net/timan/wp-content/plugins/revslider/public/assets/assets/gridtile_3x3_white.png]
[demo.casethemes.net/timan/wp-content/plugins/revslider/public/assets/assets/coloredbg.png]
[demo.casethemes.net/timan/wp-content/plugins/revslider/public/assets/assets/loader.gif]
[demo.casethemes.net/timan/wp-content/plugins/revslider/public/assets/css/rs-plugin-settings.mine434.css]
[demo.casethemes.net/timan/wp-content/plugins/woocommerce/assets/css/woocommerce-layout.min9b30.css]
[demo.casethemes.net/timan/wp-content/plugins/woocommerce/assets/css/woocommerce-smallscreen.min9b30.css]
[demo.casethemes.net/timan/wp-content/plugins/woocommerce/assets/fonts/star.eot]
[demo.casethemes.net/timan/wp-content/plugins/woocommerce/assets/fonts/stard41d.eot]
[demo.casethemes.net/timan/wp-content/plugins/woocommerce/assets/fonts/star.woff]
[demo.casethemes.net/timan/wp-content/plugins/woocommerce/assets/fonts/star.ttf]
[demo.casethemes.net/timan/wp-content/plugins/woocommerce/assets/fonts/star.svg]
[demo.casethemes.net/timan/wp-content/plugins/woocommerce/assets/fonts/WooCommerce.eot]
[demo.casethemes.net/timan/wp-content/plugins/woocommerce/assets/fonts/WooCommerced41d.eot]
[demo.casethemes.net/timan/wp-content/plugins/woocommerce/assets/fonts/WooCommerce.woff]
[demo.casethemes.net/timan/wp-content/plugins/woocommerce/assets/fonts/WooCommerce.ttf]
[demo.casethemes.net/timan/wp-content/plugins/woocommerce/assets/fonts/WooCommerce.svg]
[demo.casethemes.net/timan/wp-content/plugins/woocommerce/assets/images/icons/loader.svg]
[demo.casethemes.net/timan/wp-content/plugins/woocommerce/assets/images/icons/credit-cards/visa.svg]
[demo.casethemes.net/timan/wp-content/plugins/woocommerce/assets/images/icons/credit-cards/mastercard.svg]
[demo.casethemes.net/timan/wp-content/plugins/woocommerce/assets/images/icons/credit-cards/laser.svg]
[demo.casethemes.net/timan/wp-content/plugins/woocommerce/assets/images/icons/credit-cards/diners.svg]
[demo.casethemes.net/timan/wp-content/plugins/woocommerce/assets/images/icons/credit-cards/maestro.svg]
[demo.casethemes.net/timan/wp-content/plugins/woocommerce/assets/images/icons/credit-cards/jcb.svg]
[demo.casethemes.net/timan/wp-content/plugins/woocommerce/assets/images/icons/credit-cards/amex.svg]
[demo.casethemes.net/timan/wp-content/plugins/woocommerce/assets/css/woocommerce-general.min9b30.css]
[demo.casethemes.net/timan/wp-content/plugins/woocommerce/assets/images/icons/credit-cards/discover.svg]
[demo.casethemes.net/timan/wp-content/plugins/wp-user-avatar/assets/css/material-icons/MaterialIcons-Regular.eot]
[demo.casethemes.net/timan/wp-content/plugins/wp-user-avatar/assets/css/material-icons/MaterialIcons-Regular.woff2]
[demo.casethemes.net/timan/wp-content/plugins/wp-user-avatar/assets/css/material-icons/MaterialIcons-Regular.woff]
[demo.casethemes.net/timan/wp-content/plugins/wp-user-avatar/assets/images/frontend/arrow-down.png]
[demo.casethemes.net/timan/wp-content/plugins/wp-user-avatar/assets/css/material-icons/MaterialIcons-Regular.ttf]
[demo.casethemes.net/timan/wp-content/plugins/wp-user-avatar/assets/images/social-login/google.svg]
[demo.casethemes.net/timan/wp-content/plugins/wp-user-avatar/assets/images/social-login/vk-fa.svg]
[demo.casethemes.net/timan/wp-content/plugins/wp-user-avatar/assets/images/social-login/facebook.svg]
[demo.casethemes.net/timan/wp-content/plugins/wp-user-avatar/assets/images/social-login/twitter.svg]
[demo.casethemes.net/timan/wp-content/plugins/wp-user-avatar/assets/images/social-login/linkedin.svg]
[demo.casethemes.net/timan/wp-content/plugins/wp-user-avatar/assets/css/frontend.minc092.css]
[demo.casethemes.net/timan/wp-content/plugins/wp-user-avatar/assets/flatpickr/flatpickr.minc092.css]
[demo.casethemes.net/timan/wp-content/plugins/wp-user-avatar/assets/select2/select2.min1eb7.css]
[demo.casethemes.net/timan/wp-content/themes/timan/assets/css/bootstrap.mincce7.css]
[demo.casethemes.net/timan/wp-content/plugins/wp-user-avatar/assets/images/social-login/github-fa.svg]
[demo.casethemes.net/timan/wp-content/themes/timan/assets/fonts/fontawesome-webfont3e6e.eot]
[demo.casethemes.net/timan/wp-content/themes/timan/assets/fonts/fontawesome-webfontd41d.eot]
[demo.casethemes.net/timan/wp-content/themes/timan/assets/fonts/fontawesome-webfont3e6e.woff2]
[demo.casethemes.net/timan/wp-content/themes/timan/assets/fonts/fontawesome-webfont3e6e.woff]
[demo.casethemes.net/timan/wp-content/themes/timan/assets/css/font-awesome.min1849.css]
[demo.casethemes.net/timan/wp-content/plugins/js_composer/assets/lib/bower/font-awesome/css/v4-shims.min8e94.css]
[demo.casethemes.net/timan/wp-content/themes/timan/assets/fonts/fontawesome-webfont3e6e.ttf]
[demo.casethemes.net/timan/wp-content/plugins/js_composer/assets/lib/bower/font-awesome/webfonts/fa-brands-400.eot]
[demo.casethemes.net/timan/wp-content/themes/timan/assets/fonts/fontawesome-webfont3e6e.svg]
[demo.casethemes.net/timan/wp-content/plugins/js_composer/assets/lib/bower/font-awesome/webfonts/fa-brands-400d41d.eot]
[demo.casethemes.net/timan/wp-content/plugins/js_composer/assets/lib/bower/font-awesome/webfonts/fa-brands-400.woff2]
[demo.casethemes.net/timan/wp-content/plugins/js_composer/assets/lib/bower/font-awesome/webfonts/fa-brands-400.woff]
[demo.casethemes.net/timan/wp-content/plugins/js_composer/assets/lib/bower/font-awesome/webfonts/fa-brands-400.ttf]
[demo.casethemes.net/timan/wp-content/plugins/js_composer/assets/lib/bower/font-awesome/webfonts/fa-regular-400.eot]
[demo.casethemes.net/timan/wp-content/plugins/js_composer/assets/lib/bower/font-awesome/webfonts/fa-regular-400d41d.eot]
[demo.casethemes.net/timan/wp-content/plugins/js_composer/assets/lib/bower/font-awesome/webfonts/fa-regular-400.woff2]
[demo.casethemes.net/timan/wp-content/plugins/js_composer/assets/lib/bower/font-awesome/webfonts/fa-brands-400.svg]
[demo.casethemes.net/timan/wp-content/plugins/js_composer/assets/lib/bower/font-awesome/webfonts/fa-regular-400.woff]
[demo.casethemes.net/timan/wp-content/plugins/js_composer/assets/lib/bower/font-awesome/webfonts/fa-regular-400.ttf]
[demo.casethemes.net/timan/wp-content/plugins/js_composer/assets/lib/bower/font-awesome/webfonts/fa-regular-400.svg]
[demo.casethemes.net/timan/wp-content/plugins/js_composer/assets/lib/bower/font-awesome/webfonts/fa-solid-900.eot]
[demo.casethemes.net/timan/wp-content/plugins/js_composer/assets/lib/bower/font-awesome/webfonts/fa-solid-900d41d.eot]
[demo.casethemes.net/timan/wp-content/plugins/js_composer/assets/lib/bower/font-awesome/webfonts/fa-solid-900.woff2]
[demo.casethemes.net/timan/wp-content/plugins/js_composer/assets/lib/bower/font-awesome/webfonts/fa-solid-900.woff]
[demo.casethemes.net/timan/wp-content/plugins/js_composer/assets/lib/bower/font-awesome/webfonts/fa-solid-900.ttf]
[demo.casethemes.net/timan/wp-content/plugins/js_composer/assets/lib/bower/font-awesome/css/all.min8e94.css]
[demo.casethemes.net/timan/wp-content/themes/timan/assets/fonts/Material-Design-Iconic-Fontd1f1.woff2]
[demo.casethemes.net/timan/wp-content/themes/timan/assets/fonts/Material-Design-Iconic-Fontd1f1.woff]
[demo.casethemes.net/timan/wp-content/themes/timan/assets/css/material-design-iconic-font.min3601.css]
[demo.casethemes.net/timan/wp-content/themes/timan/assets/fonts/Material-Design-Iconic-Fontd1f1.ttf]
[demo.casethemes.net/timan/wp-content/themes/timan/assets/fonts/Flaticon.eot]
[demo.casethemes.net/timan/wp-content/themes/timan/assets/fonts/Flaticond41d.eot]
[demo.casethemes.net/timan/wp-content/themes/timan/assets/fonts/Flaticon.woff]
[demo.casethemes.net/timan/wp-content/plugins/js_composer/assets/lib/bower/font-awesome/webfonts/fa-solid-900.svg]
[demo.casethemes.net/timan/wp-content/themes/timan/assets/fonts/Flaticon.ttf]
[demo.casethemes.net/timan/wp-content/themes/timan/assets/css/flaticon.min8a54.css]
[demo.casethemes.net/timan/wp-content/themes/timan/assets/fonts/themify9f24.eot]
[demo.casethemes.net/timan/wp-content/themes/timan/assets/fonts/Flaticon.svg]
[demo.casethemes.net/timan/wp-content/themes/timan/assets/fonts/themifyd41d.eot]
[demo.casethemes.net/timan/wp-content/themes/timan/assets/fonts/themify9f24.woff]
[demo.casethemes.net/timan/wp-content/themes/timan/assets/fonts/themify9f24.ttf]
[demo.casethemes.net/timan/wp-content/themes/timan/assets/css/themify-icons.min8a54.css]
[demo.casethemes.net/timan/wp-content/themes/timan/assets/fonts/et-line.eot]
[demo.casethemes.net/timan/wp-content/themes/timan/assets/fonts/themify9f24.svg]
[demo.casethemes.net/timan/wp-content/themes/timan/assets/fonts/et-lined41d.eot]
[demo.casethemes.net/timan/wp-content/themes/timan/assets/fonts/et-line.woff]
[demo.casethemes.net/timan/wp-content/themes/timan/assets/fonts/et-line.ttf]
[demo.casethemes.net/timan/wp-content/themes/timan/assets/css/font-etline-icon.min8a54.css]
[demo.casethemes.net/timan/wp-content/themes/timan/assets/css/magnific-popup.min8a54.css]
[demo.casethemes.net/timan/wp-content/themes/timan/assets/fonts/et-line.svg]
[demo.casethemes.net/timan/wp-content/themes/timan/assets/fonts/droidsans-webfont.woff2]
[demo.casethemes.net/timan/wp-content/themes/timan/assets/fonts/droidsans-webfont.woff]
[demo.casethemes.net/timan/wp-content/themes/timan/assets/images/icon-call.png]
[demo.casethemes.net/timan/wp-content/themes/timan/assets/images/close-icon-white.png]
[demo.casethemes.net/timan/wp-content/themes/timan/assets/images/bg-page-title.jpg]
[demo.casethemes.net/timan/wp-content/themes/timan/assets/images/gap-footer.png]
[demo.casethemes.net/timan/wp-content/themes/timan/assets/images/arrow-up.png]
[demo.casethemes.net/timan/wp-content/themes/timan/assets/images/slider-arrow-left.png]
[demo.casethemes.net/timan/wp-content/themes/timan/assets/images/slider-arrow-right.png]
[demo.casethemes.net/timan/wp-content/themes/timan/assets/images/testimonial-arrow.png]
[demo.casethemes.net/timan/wp-content/themes/timan/assets/css/timan-theme.mind279.css]
[demo.casethemes.net/timan/wp-content/themes/timan/assets/css/icons.svg]
[demo.casethemes.net/timan/wp-content/themes/timan/assets/css/timan-menu.mind279.css]
[demo.casethemes.net/timan/wp-content/themes/timan/timan-style.min1eb7.css]
[demo.casethemes.net/timan/wp-content/plugins/newsletter/newsletter.min9c05.css]
[demo.casethemes.net/timan/wp-content/plugins/booked/includes/add-ons/woocommerce-payments/css/booked-wc-fe-styles.min1eb7.css]
[demo.casethemes.net/timan/wp-content/plugins/js_composer/assets/vc/alert.png]
[demo.casethemes.net/timan/wp-content/plugins/js_composer/assets/vc/info.png]
[demo.casethemes.net/timan/wp-content/plugins/js_composer/assets/vc/tick.png]
[demo.casethemes.net/timan/wp-content/plugins/js_composer/assets/vc/exclamation.png]
[demo.casethemes.net/timan/wp-content/plugins/js_composer/assets/images/icons/address-book.png]
[demo.casethemes.net/timan/wp-content/plugins/js_composer/assets/images/icons/alarm-clock.png]
[demo.casethemes.net/timan/wp-content/plugins/js_composer/assets/images/icons/anchor.png]
[demo.casethemes.net/timan/wp-content/plugins/js_composer/assets/images/icons/application-image.png]
[demo.casethemes.net/timan/wp-content/plugins/js_composer/assets/images/icons/arrow.png]
[demo.casethemes.net/timan/wp-content/plugins/js_composer/assets/images/icons/asterisk.png]
[demo.casethemes.net/timan/wp-content/plugins/js_composer/assets/images/icons/auction-hammer.png]
[demo.casethemes.net/timan/wp-content/plugins/js_composer/assets/images/icons/balloon.png]
[demo.casethemes.net/timan/wp-content/plugins/js_composer/assets/images/icons/balloon-buzz.png]
[demo.casethemes.net/timan/wp-content/plugins/js_composer/assets/images/icons/balloon-facebook.png]
[demo.casethemes.net/timan/wp-content/plugins/js_composer/assets/images/icons/balloon-twitter.png]
[demo.casethemes.net/timan/wp-content/plugins/js_composer/assets/images/icons/battery-full.png]
[demo.casethemes.net/timan/wp-content/plugins/js_composer/assets/images/icons/binocular.png]
[demo.casethemes.net/timan/wp-content/plugins/js_composer/assets/images/icons/blue-document-excel.png]
[demo.casethemes.net/timan/wp-content/plugins/js_composer/assets/images/icons/blue-document-image.png]
[demo.casethemes.net/timan/wp-content/plugins/js_composer/assets/images/icons/blue-document-music.png]
[demo.casethemes.net/timan/wp-content/plugins/js_composer/assets/images/icons/blue-document-office.png]
[demo.casethemes.net/timan/wp-content/plugins/js_composer/assets/images/icons/blue-document-pdf.png]
[demo.casethemes.net/timan/wp-content/plugins/js_composer/assets/images/icons/blue-document-powerpoint.png]
[demo.casethemes.net/timan/wp-content/plugins/js_composer/assets/images/icons/blue-document-word.png]
[demo.casethemes.net/timan/wp-content/plugins/js_composer/assets/images/icons/bookmark.png]
[demo.casethemes.net/timan/wp-content/plugins/js_composer/assets/images/icons/camcorder.png]
[demo.casethemes.net/timan/wp-content/plugins/js_composer/assets/images/icons/camera.png]
[demo.casethemes.net/timan/wp-content/plugins/js_composer/assets/images/icons/chart.png]
[demo.casethemes.net/timan/wp-content/plugins/js_composer/assets/images/icons/chart-pie.png]
[demo.casethemes.net/timan/wp-content/plugins/js_composer/assets/images/icons/clock.png]
[demo.casethemes.net/timan/wp-content/plugins/js_composer/assets/images/icons/control.png]
[demo.casethemes.net/timan/wp-content/plugins/js_composer/assets/images/icons/fire.png]
[demo.casethemes.net/timan/wp-content/plugins/js_composer/assets/images/icons/heart.png]
[demo.casethemes.net/timan/wp-content/plugins/js_composer/assets/images/icons/mail.png]
[demo.casethemes.net/timan/wp-content/plugins/js_composer/assets/images/icons/plus-shield.png]
[demo.casethemes.net/timan/wp-content/plugins/js_composer/assets/images/icons/video.png]
[demo.casethemes.net/timan/wp-content/plugins/js_composer/assets/fonts/vc_icons_v2/fonts/vcpb-plugin-iconsb82a.eot]
[demo.casethemes.net/timan/wp-content/plugins/js_composer/assets/fonts/vc_icons_v2/fonts/vcpb-plugin-iconsb82a.ttf]
[demo.casethemes.net/timan/wp-content/plugins/js_composer/assets/fonts/vc_icons_v2/fonts/vcpb-plugin-iconsb82a.woff]
[demo.casethemes.net/timan/wp-content/plugins/js_composer/assets/fonts/vc_icons_v2/fonts/vcpb-plugin-iconsb82a.svg]
[demo.casethemes.net/timan/wp-content/plugins/js_composer/assets/images/toggle_open.png]
[demo.casethemes.net/timan/wp-content/plugins/js_composer/assets/images/toggle_close.png]
[demo.casethemes.net/timan/wp-content/plugins/js_composer/assets/images/flickr.png]
[demo.casethemes.net/timan/wp-content/plugins/js_composer/assets/vc/blur.svg]
[demo.casethemes.net/timan/wp-content/plugins/js_composer/assets/fonts/vc_grid/vc_grid_v157a1.eot]
[demo.casethemes.net/timan/wp-content/plugins/js_composer/assets/fonts/vc_grid/vc_grid_v1d41d.eot]
[demo.casethemes.net/timan/wp-content/plugins/js_composer/assets/fonts/vc_grid/vc_grid_v157a1.woff]
[demo.casethemes.net/timan/wp-content/plugins/js_composer/assets/fonts/vc_grid/vc_grid_v157a1.ttf]
[demo.casethemes.net/timan/wp-content/plugins/js_composer/assets/fonts/vc_grid/vc_grid_v157a1.svg]
[demo.casethemes.net/timan/wp-content/plugins/js_composer/assets/images/spinner.gif]
[demo.casethemes.net/timan/wp-content/plugins/js_composer/assets/vc/remove.png]
[demo.casethemes.net/timan/wp-content/plugins/js_composer/assets/css/js_composer.min8e94.css]
[demo.casethemes.net/timan/wp-json/wp/v2/pages/25.json]
[demo.casethemes.net/timan/wp-json/oembed/1.0/embed14ed.json]
[demo.casethemes.net/timan/wp-json/oembed/1.0/embed32a6]
[demo.casethemes.net/timan/wp-content/uploads/2018/12/bg-slider2.jpg]
[demo.casethemes.net/timan/wp-content/uploads/2018/12/doctor1-350x440.jpg]
[demo.casethemes.net/timan/wp-content/uploads/2018/12/doctor2-350x440.jpg]
[demo.casethemes.net/timan/wp-content/uploads/2018/12/doctor3-350x440.jpg]
[demo.casethemes.net/timan/wp-content/uploads/2018/12/doctor4-350x440.jpg]
[demo.casethemes.net/timan/doctor/power-alim/index.html]
[demo.casethemes.net/timan/wp-content/uploads/2018/12/doctor5-350x440.jpg]
[demo.casethemes.net/timan/doctor/libona-juka/index.html]
[demo.casethemes.net/timan/doctor/hasibur-khan/index.html]
[demo.casethemes.net/timan/wp-content/uploads/2018/12/doctor6-350x440.jpg]
[demo.casethemes.net/timan/doctor/habibur-rahman/index.html]
[demo.casethemes.net/timan/wp-content/uploads/2018/12/carousel-image1.jpg]
[demo.casethemes.net/timan/doctor/limonda-kilo/index.html]
[demo.casethemes.net/timan/wp-content/uploads/2018/12/carousel-image2.jpg]
[demo.casethemes.net/timan/wp-content/uploads/2018/12/carousel-image3.jpg]
[demo.casethemes.net/timan/home-2/index.html]
[demo.casethemes.net/timan/wp-content/themes/timan/assets/js/ct-loadmore-griddc98.js]
[demo.casethemes.net/timan/wp-json/wp/v2/pages/581.json]
[demo.casethemes.net/timan/wp-json/oembed/1.0/embedc080.json]
[demo.casethemes.net/timan/wp-json/oembed/1.0/embed27fe]
[demo.casethemes.net/timan/wp-content/uploads/2021/01/bg-section-01fe6b.png]
[demo.casethemes.net/timan/wp-content/uploads/2020/02/p_logo.png]
[demo.casethemes.net/timan/wp-content/uploads/2020/02/h3-bg-slider1.jpg]
[demo.casethemes.net/timan/wp-content/uploads/2020/02/h3-bg-slider2.jpg]
[demo.casethemes.net/timan/wp-content/uploads/2021/01/h3-banner1.jpg]
[demo.casethemes.net/timan/wp-content/uploads/2021/01/h3-service-01.jpg]
[demo.casethemes.net/timan/wp-content/uploads/2021/01/h3-icon1.png]
[demo.casethemes.net/timan/wp-content/uploads/2021/01/h3-light-icon1.png]
[demo.casethemes.net/timan/wp-content/uploads/2021/01/h3-service-02.jpg]
[demo.casethemes.net/timan/wp-content/uploads/2021/01/h3-icon2.png]
[demo.casethemes.net/timan/wp-content/uploads/2021/01/h3-light-icon2.png]
[demo.casethemes.net/timan/wp-content/uploads/2021/01/h3-service-03.jpg]
[demo.casethemes.net/timan/wp-content/uploads/2021/01/h3-icon3.html]
[demo.casethemes.net/timan/home-3/index.html]
[demo.casethemes.net/timan/home-1-one-page/index.html]
[demo.casethemes.net/timan/home-2-one-page/index.html]
[demo.casethemes.net/timan/home-3-one-page/index.html]
[demo.casethemes.net/timan/about-us/index.html]
[demo.casethemes.net/timan/about-us-2/index.html]
[demo.casethemes.net/timan/doctors/index.html]
[demo.casethemes.net/timan/doctor/tromani-helix/index.html]
[demo.casethemes.net/timan/appointment/index.html]
[demo.casethemes.net/timan/contact-us/index.html]
[demo.casethemes.net/timan/faq-1/index.html]
[demo.casethemes.net/timan/faq-2/index.html]
[demo.casethemes.net/timan/services/index.html]
[demo.casethemes.net/timan/services-2/index.html]
[demo.casethemes.net/timan/service/cosmetic-dentistry/index.html]
[demo.casethemes.net/timan/our-gallery/index.html]
[demo.casethemes.net/timan/blog-grid-full-width/index.html]
[demo.casethemes.net/timan/blog-grid-sidebar-left/index.html]
[demo.casethemes.net/timan/blog-grid-sidebar-right/index.html]
[demo.casethemes.net/timan/blog-full-width/index.html]
[demo.casethemes.net/timan/blog-sidebar-left/index.html]
[demo.casethemes.net/timan/blog-sidebar-right/index.html]
[demo.casethemes.net/timan/high-energy-breakfast-leads-to-better-diabetes/index.html]
[demo.casethemes.net/timan/hormone-therapy-the-menopause-transition/index.html]
[demo.casethemes.net/timan/should-you-still-be-worried-about-the-virus/index.html]
[demo.casethemes.net/timan/shop/indexb901.html]
[demo.casethemes.net/timan/shop/indexa36f.html]
[demo.casethemes.net/timan/shop/indexf81a.html]
[demo.casethemes.net/timan/product/natural-factors/index.html]
[demo.casethemes.net/timan/cart/index.html]
[demo.casethemes.net/timan/checkout/index.html]
[demo.casethemes.net/timan/my-account/index.html]
[demo.casethemes.net/timan/service/cavity-protection/index.html]
[demo.casethemes.net/timan/service/implant-dentistry/index.html]
[demo.casethemes.net/timan/service/teeth-whitening/index.html]
[demo.casethemes.net/timan/service/teeth-orthodontics/index.html]
[demo.casethemes.net/timan/service/teeth-cleaning/index.html]
[demo.casethemes.net/timan/antibiotics-may-impact-cancer-treatment/index.html]
[demo.casethemes.net/timan/advice-for-your-first-meeting-with-a-new-doctor/index.html]
[demo.casethemes.net/timan/gene-therapy-could-turn-off-severe-allergies/index.html]
[demo.casethemes.net/timan/wp-content/plugins/js_composer/assets/lib/bower/animate-css/animate.min8e94.css]
[demo.casethemes.net/timan/wp-content/themes/timan/assets/css/datetimepicker.min8a54.css]
[demo.casethemes.net/timan/wp-content/themes/timan/assets/css/inline-style1eb7.css]
[demo.casethemes.net/timan/wp-content/plugins/ctcore/assets/css/owl.video.play.html]
[demo.casethemes.net/timan/wp-content/plugins/revslider/public/assets/fonts/revicons/revicons90c6.svg]
[demo.casethemes.net/timan/wp-content/plugins/revslider/public/assets/css/openhand.html]
[demo.casethemes.net/timan/wp-content/plugins/revslider/public/assets/css/closedhand.html]
[demo.casethemes.net/timan/wp-content/plugins/woocommerce/assets/fonts/star.svg]
[demo.casethemes.net/timan/wp-content/plugins/woocommerce/assets/fonts/WooCommerce.svg]
[demo.casethemes.net/timan/wp-content/plugins/woocommerce/assets/images/icons/loader.svg]
[demo.casethemes.net/timan/wp-content/plugins/woocommerce/assets/images/icons/credit-cards/visa.svg]
[demo.casethemes.net/timan/wp-content/plugins/woocommerce/assets/images/icons/credit-cards/mastercard.svg]
[demo.casethemes.net/timan/wp-content/plugins/woocommerce/assets/images/icons/credit-cards/laser.svg]
[demo.casethemes.net/timan/wp-content/plugins/woocommerce/assets/images/icons/credit-cards/diners.svg]
[demo.casethemes.net/timan/wp-content/plugins/woocommerce/assets/images/icons/credit-cards/maestro.svg]
[demo.casethemes.net/timan/wp-content/plugins/woocommerce/assets/images/icons/credit-cards/jcb.svg]
[demo.casethemes.net/timan/wp-content/plugins/woocommerce/assets/images/icons/credit-cards/amex.svg]
[demo.casethemes.net/timan/wp-content/plugins/woocommerce/assets/images/icons/credit-cards/discover.svg]
[demo.casethemes.net/timan/wp-content/plugins/wp-user-avatar/assets/images/social-login/google.svg]
[demo.casethemes.net/timan/wp-content/plugins/wp-user-avatar/assets/images/social-login/vk-fa.svg]
[demo.casethemes.net/timan/wp-content/plugins/wp-user-avatar/assets/images/social-login/facebook.svg]
[demo.casethemes.net/timan/wp-content/plugins/wp-user-avatar/assets/images/social-login/twitter.svg]
[demo.casethemes.net/timan/wp-content/plugins/wp-user-avatar/assets/images/social-login/linkedin.svg]
[demo.casethemes.net/timan/wp-content/plugins/wp-user-avatar/assets/images/social-login/github-fa.svg]
[demo.casethemes.net/timan/wp-content/themes/timan/assets/fonts/fontawesome-webfont3e6e.svg]
[demo.casethemes.net/timan/wp-content/plugins/js_composer/assets/lib/bower/font-awesome/webfonts/fa-brands-400.svg]
[demo.casethemes.net/timan/wp-content/plugins/js_composer/assets/lib/bower/font-awesome/webfonts/fa-regular-400.svg]
[demo.casethemes.net/timan/wp-content/plugins/js_composer/assets/lib/bower/font-awesome/webfonts/fa-solid-900.svg]
[demo.casethemes.net/timan/wp-content/themes/timan/assets/fonts/Flaticon.svg]
[demo.casethemes.net/timan/wp-content/themes/timan/assets/fonts/themify9f24.svg]
[demo.casethemes.net/timan/wp-content/themes/timan/assets/fonts/et-line.svg]
[demo.casethemes.net/timan/wp-content/themes/timan/assets/images/icon-call.html]
[demo.casethemes.net/timan/wp-content/themes/timan/assets/css/icons.html]
[demo.casethemes.net/timan/wp-content/plugins/js_composer/assets/fonts/vc_icons_v2/fonts/vcpb-plugin-iconsb82a.svg]
[demo.casethemes.net/timan/wp-content/plugins/js_composer/assets/vc/blur.svg]
[demo.casethemes.net/timan/wp-content/plugins/js_composer/assets/fonts/vc_grid/vc_grid_v157a1.svg]
[demo.casethemes.net/timan/index970c.html]
[demo.casethemes.net/timan/doctor/power-alim/index.html]
[demo.casethemes.net/timan/doctor/libona-juka/index.html]
[demo.casethemes.net/timan/doctor/habibur-rahman/index.html]
[demo.casethemes.net/timan/doctor/hasibur-khan/index.html]
[demo.casethemes.net/timan/doctor/limonda-kilo/index.html]
[demo.casethemes.net/timan/index84df.html]
[demo.casethemes.net/timan/xmlrpc0db0.php]
[demo.casethemes.net/timan/wp-includes/wlwmanifest.xml]
